OpenBSD 6.8 (GENERIC.MP) #98: Sun Oct  4 18:13:26 MDT 2020
    deraadt@amd64.openbsd.org:/usr/src/sys/arch/amd64/compile/GENERIC.MP
real mem = 20841234432 (19875MB)
avail mem = 20194557952 (19259MB)
random: good seed from bootblocks
mpath0 at root
scsibus0 at mpath0: 256 targets
mainbus0 at root
bios0 at mainbus0: SMBIOS rev. 2.8 @ 0xd7c04000 (65 entries)
bios0: vendor LENOVO version "N1CET47W (1.15 )" date 08/08/2016
bios0: LENOVO 20FAS0RK02
acpi0 at bios0: ACPI 5.0
acpi0: sleep states S0 S3 S4 S5
acpi0: tables DSDT FACP TCPA SSDT UEFI SSDT SSDT ECDT HPET APIC MCFG SSDT DBGP DBG2 BOOT BATB SLIC SSDT SSDT MSDM DMAR ASF! FPDT UEFI
acpi0: wakeup devices LID_(S4) SLPB(S3) IGBE(S4) EXP2(S4) XHCI(S3)
acpitimer0 at acpi0: 3579545 Hz, 24 bits
acpiec0 at acpi0
acpihpet0 at acpi0: 23999999 Hz
acpimadt0 at acpi0 addr 0xfee00000: PC-AT compat
cpu0 at mainbus0: apid 0 (boot processor)
cpu0: Intel(R) Core(TM) i5-6300U CPU @ 2.40GHz, 1196.31 MHz, 06-4e-03
cpu0: FPU,VME,DE,PSE,TSC,MSR,PAE,MCE,CX8,APIC,SEP,MTRR,PGE,MCA,CMOV,PAT,PSE36,CFLUSH,DS,ACPI,MMX,FXSR,SSE,SSE2,SS,HTT,TM,PBE,SSE3,PCLMUL,DTES64,MWAIT,DS-CPL,VMX,SMX,EST,TM2,SSSE3,SDBG,FMA3,CX16,xTPR,PDCM,PCID,SSE4.1,SSE4.2,x2APIC,MOVBE,POPCNT,DEADLINE,AES,XSAVE,AVX,F16C,RDRAND,NXE,PAGE1GB,RDTSCP,LONG,LAHF,ABM,3DNOWP,PERF,ITSC,FSGSBASE,TSC_ADJUST,SGX,BMI1,HLE,AVX2,SMEP,BMI2,ERMS,INVPCID,RTM,MPX,RDSEED,ADX,SMAP,CLFLUSHOPT,PT,MD_CLEAR,TSXFA,IBRS,IBPB,STIBP,L1DF,SSBD,SENSOR,ARAT,XSAVEOPT,XSAVEC,XGETBV1,XSAVES,MELTDOWN
cpu0: 256KB 64b/line 8-way L2 cache
cpu0: smt 0, core 0, package 0
mtrr: Pentium Pro MTRR support, 10 var ranges, 88 fixed ranges
cpu0: apic clock running at 24MHz
cpu0: mwait min=64, max=64, C-substates=0.2.1.2.4.1.1.1, IBE
cpu1 at mainbus0: apid 2 (application processor)
cpu1: Intel(R) Core(TM) i5-6300U CPU @ 2.40GHz, 957.18 MHz, 06-4e-03
cpu1: FPU,VME,DE,PSE,TSC,MSR,PAE,MCE,CX8,APIC,SEP,MTRR,PGE,MCA,CMOV,PAT,PSE36,CFLUSH,DS,ACPI,MMX,FXSR,SSE,SSE2,SS,HTT,TM,PBE,SSE3,PCLMUL,DTES64,MWAIT,DS-CPL,VMX,SMX,EST,TM2,SSSE3,SDBG,FMA3,CX16,xTPR,PDCM,PCID,SSE4.1,SSE4.2,x2APIC,MOVBE,POPCNT,DEADLINE,AES,XSAVE,AVX,F16C,RDRAND,NXE,PAGE1GB,RDTSCP,LONG,LAHF,ABM,3DNOWP,PERF,ITSC,FSGSBASE,TSC_ADJUST,SGX,BMI1,HLE,AVX2,SMEP,BMI2,ERMS,INVPCID,RTM,MPX,RDSEED,ADX,SMAP,CLFLUSHOPT,PT,MD_CLEAR,TSXFA,IBRS,IBPB,STIBP,L1DF,SSBD,SENSOR,ARAT,XSAVEOPT,XSAVEC,XGETBV1,XSAVES,MELTDOWN
cpu1: 256KB 64b/line 8-way L2 cache
cpu1: smt 0, core 1, package 0
cpu2 at mainbus0: apid 1 (application processor)
cpu2: Intel(R) Core(TM) i5-6300U CPU @ 2.40GHz, 897.91 MHz, 06-4e-03
cpu2: FPU,VME,DE,PSE,TSC,MSR,PAE,MCE,CX8,APIC,SEP,MTRR,PGE,MCA,CMOV,PAT,PSE36,CFLUSH,DS,ACPI,MMX,FXSR,SSE,SSE2,SS,HTT,TM,PBE,SSE3,PCLMUL,DTES64,MWAIT,DS-CPL,VMX,SMX,EST,TM2,SSSE3,SDBG,FMA3,CX16,xTPR,PDCM,PCID,SSE4.1,SSE4.2,x2APIC,MOVBE,POPCNT,DEADLINE,AES,XSAVE,AVX,F16C,RDRAND,NXE,PAGE1GB,RDTSCP,LONG,LAHF,ABM,3DNOWP,PERF,ITSC,FSGSBASE,TSC_ADJUST,SGX,BMI1,HLE,AVX2,SMEP,BMI2,ERMS,INVPCID,RTM,MPX,RDSEED,ADX,SMAP,CLFLUSHOPT,PT,MD_CLEAR,TSXFA,IBRS,IBPB,STIBP,L1DF,SSBD,SENSOR,ARAT,XSAVEOPT,XSAVEC,XGETBV1,XSAVES,MELTDOWN
cpu2: 256KB 64b/line 8-way L2 cache
cpu2: smt 1, core 0, package 0
cpu3 at mainbus0: apid 3 (application processor)
cpu3: Intel(R) Core(TM) i5-6300U CPU @ 2.40GHz, 897.91 MHz, 06-4e-03
cpu3: FPU,VME,DE,PSE,TSC,MSR,PAE,MCE,CX8,APIC,SEP,MTRR,PGE,MCA,CMOV,PAT,PSE36,CFLUSH,DS,ACPI,MMX,FXSR,SSE,SSE2,SS,HTT,TM,PBE,SSE3,PCLMUL,DTES64,MWAIT,DS-CPL,VMX,SMX,EST,TM2,SSSE3,SDBG,FMA3,CX16,xTPR,PDCM,PCID,SSE4.1,SSE4.2,x2APIC,MOVBE,POPCNT,DEADLINE,AES,XSAVE,AVX,F16C,RDRAND,NXE,PAGE1GB,RDTSCP,LONG,LAHF,ABM,3DNOWP,PERF,ITSC,FSGSBASE,TSC_ADJUST,SGX,BMI1,HLE,AVX2,SMEP,BMI2,ERMS,INVPCID,RTM,MPX,RDSEED,ADX,SMAP,CLFLUSHOPT,PT,MD_CLEAR,TSXFA,IBRS,IBPB,STIBP,L1DF,SSBD,SENSOR,ARAT,XSAVEOPT,XSAVEC,XGETBV1,XSAVES,MELTDOWN
cpu3: 256KB 64b/line 8-way L2 cache
cpu3: smt 1, core 1, package 0
ioapic0 at mainbus0: apid 2 pa 0xfec00000, version 20, 120 pins
acpimcfg0 at acpi0
acpimcfg0: addr 0xf8000000, bus 0-63
acpiprt0 at acpi0: bus 0 (PCI0)
acpiprt1 at acpi0: bus -1 (PEG0)
acpiprt2 at acpi0: bus -1 (PEG1)
acpiprt3 at acpi0: bus -1 (PEG2)
acpiprt4 at acpi0: bus 2 (EXP1)
acpiprt5 at acpi0: bus -1 (EXP2)
acpiprt6 at acpi0: bus 4 (EXP3)
acpiprt7 at acpi0: bus -1 (EXP5)
acpiprt8 at acpi0: bus -1 (RP09)
acpibtn0 at acpi0: LID_
acpibtn1 at acpi0: SLPB
acpipci0 at acpi0 PCI0: 0x00000000 0x00000011 0x00000001
acpicmos0 at acpi0
acpibat0 at acpi0: BAT0 model "00HW023" serial   950 type LiP oem "SMP"
acpibat1 at acpi0: BAT1 model "01AV405" serial  1239 type LION oem "SANYO"
acpiac0 at acpi0: AC unit offline
acpithinkpad0 at acpi0: version 2.0
"PNP0C14" at acpi0 not configured
"PNP0C14" at acpi0 not configured
"PNP0C14" at acpi0 not configured
tpm0 at acpi0 TPM_ addr 0xfed40000/0x5000, device 0x001b15d1 rev 0x10
acpicpu0 at acpi0: C3(200@1034 mwait.1@0x60), C2(200@151 mwait.1@0x33), C1(1000@1 mwait.1), PSS
acpicpu1 at acpi0: C3(200@1034 mwait.1@0x60), C2(200@151 mwait.1@0x33), C1(1000@1 mwait.1), PSS
acpicpu2 at acpi0: C3(200@1034 mwait.1@0x60), C2(200@151 mwait.1@0x33), C1(1000@1 mwait.1), PSS
acpicpu3 at acpi0: C3(200@1034 mwait.1@0x60), C2(200@151 mwait.1@0x33), C1(1000@1 mwait.1), PSS
acpipwrres0 at acpi0: PUBS, resource for XHCI
acpipwrres1 at acpi0: PG00, resource for PEG0
acpipwrres2 at acpi0: PG01, resource for PEG1
acpipwrres3 at acpi0: PG02, resource for PEG2
acpipwrres4 at acpi0: WRST
acpipwrres5 at acpi0: WRST
acpitz0 at acpi0: critical temperature is 128 degC
acpivideo0 at acpi0: GFX0
acpivout0 at acpivideo0: DD1F
cpu0: using VERW MDS workaround (except on vmm entry)
cpu0: Enhanced SpeedStep 1196 MHz: speeds: 2401, 2400, 2300, 2200, 2000, 1900, 1700, 1600, 1400, 1300, 1100, 1000, 800, 700, 500, 400 MHz
pci0 at mainbus0 bus 0
pchb0 at pci0 dev 0 function 0 "Intel Core 6G Host" rev 0x08
inteldrm0 at pci0 dev 2 function 0 "Intel HD Graphics 520" rev 0x07
drm0 at inteldrm0
inteldrm0: msi, SKYLAKE, gen 9
"Intel Core GMM" rev 0x00 at pci0 dev 8 function 0 not configured
xhci0 at pci0 dev 20 function 0 "Intel 100 Series xHCI" rev 0x21: msi, xHCI 1.0
usb0 at xhci0: USB revision 3.0
uhub0 at usb0 configuration 1 interface 0 "Intel xHCI root hub" rev 3.00/1.00 addr 1
pchtemp0 at pci0 dev 20 function 2 "Intel 100 Series Thermal" rev 0x21
"Intel 100 Series MEI" rev 0x21 at pci0 dev 22 function 0 not configured
puc0 at pci0 dev 22 function 3 "Intel 100 Series KT" rev 0x21: ports: 16 com
com4 at puc0 port 0 apic 2 int 19: ns16550a, 16 byte fifo
ahci0 at pci0 dev 23 function 0 "Intel 100 Series AHCI" rev 0x21: msi, AHCI 1.3.1
ahci0: port 1: 6.0Gb/s
scsibus1 at ahci0: 32 targets
sd0 at scsibus1 targ 1 lun 0: <ATA, WDC WDS240G2G0B-, UJ51> naa.5001b448bb4aa765
sd0: 228944MB, 512 bytes/sector, 468877312 sectors, thin
ppb0 at pci0 dev 28 function 0 "Intel 100 Series PCIE" rev 0xf1: msi
pci1 at ppb0 bus 2
rtsx0 at pci1 dev 0 function 0 "Realtek RTS522A Card Reader" rev 0x01: msi
sdmmc0 at rtsx0: 4-bit, dma
ppb1 at pci0 dev 28 function 2 "Intel 100 Series PCIE" rev 0xf1: msi
pci2 at ppb1 bus 4
iwm0 at pci2 dev 0 function 0 "Intel Dual Band Wireless AC 8260" rev 0x3a, msi
pcib0 at pci0 dev 31 function 0 "Intel 100 Series LPC" rev 0x21
"Intel 100 Series PMC" rev 0x21 at pci0 dev 31 function 2 not configured
azalia0 at pci0 dev 31 function 3 "Intel 100 Series HD Audio" rev 0x21: msi
azalia0: codecs: Realtek/0x0293, Intel/0x2809, using Realtek/0x0293
audio0 at azalia0
ichiic0 at pci0 dev 31 function 4 "Intel 100 Series SMBus" rev 0x21: apic 2 int 16
iic0 at ichiic0
em0 at pci0 dev 31 function 6 "Intel I219-LM" rev 0x21: msi, address c8:5b:76:08:e8:92
isa0 at pcib0
isadma0 at isa0
pckbc0 at isa0 port 0x60/5 irq 1 irq 12
pckbd0 at pckbc0 (kbd slot)
wskbd0 at pckbd0: console keyboard
pms0 at pckbc0 (aux slot)
wsmouse0 at pms0 mux 0
wsmouse1 at pms0 mux 0
pms0: Synaptics clickpad, firmware 8.2, 0x1e2b1 0x943300 0x334940 0xf003a3 0x12e800
pcppi0 at isa0 port 0x61
spkr0 at pcppi0
vmm0 at mainbus0: VMX/EPT
ugen0 at uhub0 port 7 "Intel Bluetooth" rev 2.00/0.01 addr 2
uvideo0 at uhub0 port 8 configuration 1 interface 0 "8SSC20F26968L1GZ66H06KA Integrated Camera" rev 2.00/0.13 addr 3
video0 at uvideo0
uhidev0 at uhub0 port 10 configuration 1 interface 0 "Melfas LGD AIT Touch Controller" rev 2.00/5.00 addr 4
uhidev0: iclass 3/0, 68 report ids
ums0 at uhidev0 reportid 3: 2 buttons
wsmouse2 at ums0 mux 0
uhid0 at uhidev0 reportid 7: input=0, output=0, feature=2
uhid1 at uhidev0 reportid 8: input=0, output=0, feature=1
ums1 at uhidev0 reportid 16: 1 button, tip
wsmouse3 at ums1 mux 0
ums2 at uhidev0 reportid 68
ums2: mouse has no X report
uhidev1 at uhub0 port 10 configuration 1 interface 1 "Melfas LGD AIT Touch Controller" rev 2.00/5.00 addr 4
uhidev1: iclass 3/0, 10 report ids
uhid2 at uhidev1 reportid 9: input=0, output=63, feature=0
uhid3 at uhidev1 reportid 10: input=63, output=0, feature=0
vscsi0 at root
scsibus2 at vscsi0: 256 targets
softraid0 at root
scsibus3 at softraid0: 256 targets
root on sd0a (f38be96250477b35.a) swap on sd0b dump on sd0b
WARNING: clock gained 21 days
WARNING: CHECK AND RESET THE DATE!
inteldrm0: 1920x1080, 32bpp
wsdisplay0 at inteldrm0 mux 1: console (std, vt100 emulation), using wskbd0
wsdisplay0: screen 1-5 added (std, vt100 emulation)
iwm0: hw rev 0x200, fw ver 34.0.1, address 44:85:00:fc:ca:ab
uhidev2 at uhub0 port 1 configuration 1 interface 0 "Lenovo ThinkPad USB Laser Mouse" rev 2.00/0.08 addr 5
uhidev2: iclass 3/1, 1 report id
ums3 at uhidev2 reportid 1: 5 buttons, Z dir
wsmouse4 at ums3 mux 0
wsmouse4 detached
ums3 detached
uhidev2 detached
uhidev2 at uhub0 port 1 configuration 1 interface 0 "Lenovo ThinkPad USB Laser Mouse" rev 2.00/0.08 addr 5
uhidev2: iclass 3/1, 1 report id
ums3 at uhidev2 reportid 1: 5 buttons, Z dir
wsmouse4 at ums3 mux 0
wsmouse2: can't attach mux (error=5)
wsmouse2 detached
ums0 detached
uhid0 detached
uhid1 detached
wsmouse3: can't attach mux (error=5)
wsmouse3 detached
ums1 detached
ums2 detached
uhidev0 detached
uhid2 detached
uhid3 detached
uhidev1 detached
uhidev0 at uhub0 port 10 configuration 1 interface 0 "Melfas LGD AIT Touch Controller" rev 2.00/5.00 addr 4
uhidev0: iclass 3/0, 68 report ids
ums0 at uhidev0 reportid 3: 2 buttons
wsmouse2 at ums0 mux 0
uhid0 at uhidev0 reportid 7: input=0, output=0, feature=2
uhid1 at uhidev0 reportid 8: input=0, output=0, feature=1
ums1 at uhidev0 reportid 16: 1 button, tip
wsmouse3 at ums1 mux 0
ums2 at uhidev0 reportid 68
ums2: mouse has no X report
uhidev1 at uhub0 port 10 configuration 1 interface 1 "Melfas LGD AIT Touch Controller" rev 2.00/5.00 addr 4
uhidev1: iclass 3/0, 10 report ids
uhid2 at uhidev1 reportid 9: input=0, output=63, feature=0
uhid3 at uhidev1 reportid 10: input=63, output=0, feature=0
